[    0.000000] Initializing cgroup subsys cpuset
[    0.000000] Initializing cgroup subsys cpu
[    0.000000] Initializing cgroup subsys cpuacct
[    0.000000] Linux version 4.4.0-184-generic (buildd@lgw01-amd64-060) (gcc version 5.4.0 20160609 (Ubuntu 5.4.0-6ubuntu1~16.04.12) ) #214-Ubuntu SMP Thu Jun 4 10:14:11 UTC 2020 (Ubuntu 4.4.0-184.214-generic 4.4.223)
[    0.000000] Command line: BOOT_IMAGE=/boot/vmlinuz-4.4.0-184-generic root=LABEL=cloudimg-rootfs ro console=tty1 console=ttyS0
[    0.000000] KERNEL supported cpus:
[    0.000000]   Intel GenuineIntel
[    0.000000]   AMD AuthenticAMD
[    0.000000]   Centaur CentaurHauls
[    0.000000] x86/fpu: xstate_offset[2]:  576, xstate_sizes[2]:  256
[    0.000000] x86/fpu: Supporting XSAVE feature 0x01: 'x87 floating point registers'
[    0.000000] x86/fpu: Supporting XSAVE feature 0x02: 'SSE registers'
[    0.000000] x86/fpu: Supporting XSAVE feature 0x04: 'AVX registers'
[    0.000000] x86/fpu: Enabled xstate features 0x7, context size is 832 bytes, using 'standard' format.
[    0.000000] e820: BIOS-provided physical RAM map:
[    0.000000] BIOS-e820: [mem 0x0000000000000000-0x000000000009fbff] usable
[    0.000000] BIOS-e820: [mem 0x000000000009fc00-0x000000000009ffff] reserved
[    0.000000] BIOS-e820: [mem 0x00000000000f0000-0x00000000000fffff] reserved
[    0.000000] BIOS-e820: [mem 0x0000000000100000-0x000000003ffeffff] usable
[    0.000000] BIOS-e820: [mem 0x000000003fff0000-0x000000003fffffff] ACPI data
[    0.000000] BIOS-e820: [mem 0x00000000fec00000-0x00000000fec00fff] reserved
[    0.000000] BIOS-e820: [mem 0x00000000fee00000-0x00000000fee00fff] reserved
[    0.000000] BIOS-e820: [mem 0x00000000fffc0000-0x00000000ffffffff] reserved
[    0.000000] NX (Execute Disable) protection: active
[    0.000000] SMBIOS 2.5 present.
[    0.000000] Hypervisor detected: KVM
[    0.000000] e820: last_pfn = 0x3fff0 max_arch_pfn = 0x400000000
[    0.000000] MTRR: Disabled
[    0.000000] x86/PAT: MTRRs disabled, skipping PAT initialization too.
[    0.000000] CPU MTRRs all blank - virtualized system.
[    0.000000] x86/PAT: Configuration [0-7]: WB  WT  UC- UC  WB  WT  UC- UC  
[    0.000000] found SMP MP-table at [mem 0x0009fff0-0x0009ffff] mapped at [ffff88000009fff0]
[    0.000000] Scanning 1 areas for low memory corruption
[    0.000000] RAMDISK: [mem 0x362de000-0x37166fff]
[    0.000000] ACPI: Early table checksum verification disabled
[    0.000000] ACPI: RSDP 0x00000000000E0000 000024 (v02 VBOX  )
[    0.000000] ACPI: XSDT 0x000000003FFF0030 00003C (v01 VBOX   VBOXXSDT 00000001 ASL  00000061)
[    0.000000] ACPI: FACP 0x000000003FFF00F0 0000F4 (v04 VBOX   VBOXFACP 00000001 ASL  00000061)
[    0.000000] ACPI: DSDT 0x000000003FFF0470 002325 (v02 VBOX   VBOXBIOS 00000002 INTL 20100528)
[    0.000000] ACPI: FACS 0x000000003FFF0200 000040
[    0.000000] ACPI: FACS 0x000000003FFF0200 000040
[    0.000000] ACPI: APIC 0x000000003FFF0240 00005C (v02 VBOX   VBOXAPIC 00000001 ASL  00000061)
[    0.000000] ACPI: SSDT 0x000000003FFF02A0 0001CC (v01 VBOX   VBOXCPUT 00000002 INTL 20100528)
[    0.000000] No NUMA configuration found
[    0.000000] Faking a node at [mem 0x0000000000000000-0x000000003ffeffff]
[    0.000000] NODE_DATA(0) allocated [mem 0x3ffeb000-0x3ffeffff]
[    0.000000] kvm-clock: Using msrs 4b564d01 and 4b564d00
[    0.000000] kvm-clock: cpu 0, msr 0:3ffe3001, primary cpu clock
[    0.000000] kvm-clock: using sched offset of 3613186946 cycles
[    0.000000] clocksource: kvm-clock: mask: 0xffffffffffffffff max_cycles: 0x1cd42e4dffb, max_idle_ns: 881590591483 ns
[    0.000000] Zone ranges:
[    0.000000]   DMA      [mem 0x0000000000001000-0x0000000000ffffff]
[    0.000000]   DMA32    [mem 0x0000000001000000-0x000000003ffeffff]
[    0.000000]   Normal   empty
[    0.000000]   Device   empty
[    0.000000] Movable zone start for each node
[    0.000000] Early memory node ranges
[    0.000000]   node   0: [mem 0x0000000000001000-0x000000000009efff]
[    0.000000]   node   0: [mem 0x0000000000100000-0x000000003ffeffff]
[    0.000000] Initmem setup node 0 [mem 0x0000000000001000-0x000000003ffeffff]
[    0.000000] ACPI: PM-Timer IO Port: 0x4008
[    0.000000] IOAPIC[0]: apic_id 2, version 32, address 0xfec00000, GSI 0-23
[    0.000000] ACPI: INT_SRC_OVR (bus 0 bus_irq 0 global_irq 2 dfl dfl)
[    0.000000] ACPI: INT_SRC_OVR (bus 0 bus_irq 9 global_irq 9 low level)
[    0.000000] Using ACPI (MADT) for SMP configuration information
[    0.000000] smpboot: Allowing 2 CPUs, 0 hotplug CPUs
[    0.000000] PM: Registered nosave memory: [mem 0x00000000-0x00000fff]
[    0.000000] PM: Registered nosave memory: [mem 0x0009f000-0x0009ffff]
[    0.000000] PM: Registered nosave memory: [mem 0x000a0000-0x000effff]
[    0.000000] PM: Registered nosave memory: [mem 0x000f0000-0x000fffff]
[    0.000000] e820: [mem 0x40000000-0xfebfffff] available for PCI devices
[    0.000000] Booting paravirtualized kernel on KVM
[    0.000000] clocksource: refined-jiffies: mask: 0xffffffff max_cycles: 0xffffffff, max_idle_ns: 7645519600211568 ns
[    0.000000] setup_percpu: NR_CPUS:512 nr_cpumask_bits:512 nr_cpu_ids:2 nr_node_ids:1
[    0.000000] PERCPU: Embedded 33 pages/cpu @ffff88003fc00000 s95448 r8192 d31528 u1048576
[    0.000000] Built 1 zonelists in Node order, mobility grouping on.  Total pages: 257912
[    0.000000] Policy zone: DMA32
[    0.000000] Kernel command line: BOOT_IMAGE=/boot/vmlinuz-4.4.0-184-generic root=LABEL=cloudimg-rootfs ro console=tty1 console=ttyS0
[    0.000000] PID hash table entries: 4096 (order: 3, 32768 bytes)
[    0.000000] Memory: 997664K/1048120K available (8632K kernel code, 1336K rwdata, 4036K rodata, 1492K init, 1292K bss, 50456K reserved, 0K cma-reserved)
[    0.000000] SLUB: HWalign=64, Order=0-3, MinObjects=0, CPUs=2, Nodes=1
[    0.000000] Kernel/User page tables isolation: enabled
[    0.000000] Hierarchical RCU implementation.
[    0.000000] 	Build-time adjustment of leaf fanout to 64.
[    0.000000] 	RCU restricting CPUs from NR_CPUS=512 to nr_cpu_ids=2.
[    0.000000] RCU: Adjusting geometry for rcu_fanout_leaf=64, nr_cpu_ids=2
[    0.000000] NR_IRQS:33024 nr_irqs:440 16
[    0.000000] Console: colour VGA+ 80x25
[    0.000000] console [tty1] enabled
[    0.000000] console [ttyS0] enabled
[    0.000000] tsc: Detected 2711.996 MHz processor
[    0.234669] Calibrating delay loop (skipped) preset value.. 5423.99 BogoMIPS (lpj=10847984)
[    0.236829] pid_max: default: 32768 minimum: 301
[    0.238097] ACPI: Core revision 20150930
[    0.241225] ACPI: 2 ACPI AML tables successfully acquired and loaded
[    0.243464] Security Framework initialized
[    0.244716] Yama: becoming mindful.
[    0.245755] AppArmor: AppArmor initialized
[    0.247123] Dentry cache hash table entries: 131072 (order: 8, 1048576 bytes)
[    0.255833] Inode-cache hash table entries: 65536 (order: 7, 524288 bytes)
[    0.257431] Mount-cache hash table entries: 2048 (order: 2, 16384 bytes)
[    0.259067] Mountpoint-cache hash table entries: 2048 (order: 2, 16384 bytes)
[    0.260852] Initializing cgroup subsys io
[    0.262279] Initializing cgroup subsys memory
[    0.263711] Initializing cgroup subsys devices
[    0.264948] Initializing cgroup subsys freezer
[    0.266214] Initializing cgroup subsys net_cls
[    0.267436] Initializing cgroup subsys perf_event
[    0.268604] Initializing cgroup subsys net_prio
[    0.269749] Initializing cgroup subsys hugetlb
[    0.271029] Initializing cgroup subsys pids
[    0.273534] mce: CPU supports 0 MCE banks
[    0.274683] Last level iTLB entries: 4KB 64, 2MB 8, 4MB 8
[    0.276005] Last level dTLB entries: 4KB 64, 2MB 0, 4MB 0, 1GB 4
[    0.277467] Spectre V1 : Mitigation: usercopy/swapgs barriers and __user pointer sanitization
[    0.279947] Spectre V2 : Mitigation: Full generic retpoline
[    0.281542] Spectre V2 : Spectre v2 / SpectreRSB mitigation: Filling RSB on context switch
[    0.284419] Speculative Store Bypass: Vulnerable
[    0.286332] SRBDS: Unknown: Dependent on hypervisor status
[    0.288060] MDS: Mitigation: Clear CPU buffers
[    0.292443] Freeing SMP alternatives memory: 36K
[    0.301063] ftrace: allocating 32319 entries in 127 pages
[    0.390722] smpboot: APIC(0) Converting physical 0 to logical package 0
[    0.392441] smpboot: Max logical packages: 1
[    0.394084] x2apic enabled
[    0.395348] Switched APIC routing to physical x2apic.
[    0.398666] ..TIMER: vector=0x30 apic1=0 pin1=2 apic2=-1 pin2=-1
[    0.508241] smpboot: CPU0: Intel(R) Core(TM) i7-6820HQ CPU @ 2.70GHz (family: 0x6, model: 0x5e, stepping: 0x3)
[    0.511114] Performance Events: unsupported p6 CPU model 94 no PMU driver, software events only.
[    0.524305] KVM setup paravirtual spinlock
[    0.526100] x86: Booting SMP configuration:
[    0.527174] .... node  #0, CPUs:      #1
[    0.528370] kvm-clock: cpu 1, msr 0:3ffe3041, secondary cpu clock
[    0.530608] mce: CPU supports 0 MCE banks
[    0.533321] x86: Booted up 1 node, 2 CPUs
[    0.534647] smpboot: Total of 2 processors activated (10847.98 BogoMIPS)
[    0.536923] devtmpfs: initialized
[    0.539572] evm: security.selinux
[    0.540865] evm: security.SMACK64
[    0.542299] evm: security.SMACK64EXEC
[    0.543447] evm: security.SMACK64TRANSMUTE
[    0.544756] evm: security.SMACK64MMAP
[    0.545771] evm: security.ima
[    0.546751] evm: security.capability
[    0.548216] clocksource: jiffies: mask: 0xffffffff max_cycles: 0xffffffff, max_idle_ns: 7645041785100000 ns
[    0.550914] futex hash table entries: 512 (order: 3, 32768 bytes)
[    0.561667] pinctrl core: initialized pinctrl subsystem
[    0.563312] RTC time: 18:16:58, date: 06/23/20
[    0.564790] NET: Registered protocol family 16
[    0.577245] cpuidle: using governor ladder
[    0.589008] cpuidle: using governor menu
[    0.590486] PCCT header not found.
[    0.591721] ACPI: bus type PCI registered
[    0.594089] acpiphp: ACPI Hot Plug PCI Controller Driver version: 0.5
[    0.595903] PCI: Using configuration type 1 for base access
[    0.610840] ACPI: Added _OSI(Module Device)
[    0.612206] ACPI: Added _OSI(Processor Device)
[    0.613624] ACPI: Added _OSI(3.0 _SCP Extensions)
[    0.615079] ACPI: Added _OSI(Processor Aggregator Device)
[    0.617354] ACPI: Executed 1 blocks of module-level executable AML code
[    0.622110] ACPI: Interpreter enabled
[    0.623607] ACPI: (supports S0 S5)
[    0.624697] ACPI: Using IOAPIC for interrupt routing
[    0.626456] PCI: Using host bridge windows from ACPI; if necessary, use "pci=nocrs" and report a bug
[    0.633437] ACPI: PCI Root Bridge [PCI0] (domain 0000 [bus 00-ff])
[    0.635026] acpi PNP0A03:00: _OSC: OS supports [ASPM ClockPM Segments MSI]
[    0.637019] acpi PNP0A03:00: _OSC: not requesting OS control; OS requires [ExtendedConfig ASPM ClockPM MSI]
[    0.639427] acpi PNP0A03:00: fail to add MMCONFIG information, can't access extended PCI configuration space under this bridge.
[    0.642884] PCI host bridge to bus 0000:00
[    0.644164] pci_bus 0000:00: root bus resource [io  0x0000-0x0cf7 window]
[    0.645876] pci_bus 0000:00: root bus resource [io  0x0d00-0xffff window]
[    0.647910] pci_bus 0000:00: root bus resource [mem 0x000a0000-0x000bffff window]
[    0.650158] pci_bus 0000:00: root bus resource [mem 0x40000000-0xfdffffff window]
[    0.652221] pci_bus 0000:00: root bus resource [bus 00-ff]
[    0.655961] pci 0000:00:01.1: legacy IDE quirk: reg 0x10: [io  0x01f0-0x01f7]
[    0.657683] pci 0000:00:01.1: legacy IDE quirk: reg 0x14: [io  0x03f6]
[    0.659540] pci 0000:00:01.1: legacy IDE quirk: reg 0x18: [io  0x0170-0x0177]
[    0.676520] pci 0000:00:01.1: legacy IDE quirk: reg 0x1c: [io  0x0376]
[    0.692742] pci 0000:00:07.0: quirk: [io  0x4000-0x403f] claimed by PIIX4 ACPI
[    0.695124] pci 0000:00:07.0: quirk: [io  0x4100-0x410f] claimed by PIIX4 SMB
[    0.706273] ACPI: PCI Interrupt Link [LNKA] (IRQs 5 9 10 *11)
[    0.708574] ACPI: PCI Interrupt Link [LNKB] (IRQs 5 9 *10 11)
[    0.711021] ACPI: PCI Interrupt Link [LNKC] (IRQs 5 *9 10 11)
[    0.713260] ACPI: PCI Interrupt Link [LNKD] (IRQs 5 9 10 *11)
[    0.715663] ACPI: Enabled 2 GPEs in block 00 to 07
[    0.717400] vgaarb: setting as boot device: PCI:0000:00:02.0
[    0.718847] vgaarb: device added: PCI:0000:00:02.0,decodes=io+mem,owns=io+mem,locks=none
[    0.721101] vgaarb: loaded
[    0.722106] vgaarb: bridge control possible 0000:00:02.0
[    0.723999] SCSI subsystem initialized
[    0.725404] ACPI: bus type USB registered
[    0.726512] usbcore: registered new interface driver usbfs
[    0.727979] usbcore: registered new interface driver hub
[    0.729348] usbcore: registered new device driver usb
[    0.731420] PCI: Using ACPI for IRQ routing
[    0.739230] NetLabel: Initializing
[    0.740256] NetLabel:  domain hash size = 128
[    0.741600] NetLabel:  protocols = UNLABELED CIPSOv4
[    0.743011] NetLabel:  unlabeled traffic allowed by default
[    0.744992] amd_nb: Cannot enumerate AMD northbridges
[    0.746444] clocksource: Switched to clocksource kvm-clock
[    0.769184] AppArmor: AppArmor Filesystem Enabled
[    0.770601] pnp: PnP ACPI init
[    0.773658] pnp: PnP ACPI: found 3 devices
[    0.787337] clocksource: acpi_pm: mask: 0xffffff max_cycles: 0xffffff, max_idle_ns: 2085701024 ns
[    0.789575] NET: Registered protocol family 2
[    0.790820] TCP established hash table entries: 8192 (order: 4, 65536 bytes)
[    0.792748] TCP bind hash table entries: 8192 (order: 5, 131072 bytes)
[    0.794585] TCP: Hash tables configured (established 8192 bind 8192)
[    0.796152] UDP hash table entries: 512 (order: 2, 16384 bytes)
[    0.797892] UDP-Lite hash table entries: 512 (order: 2, 16384 bytes)
[    0.799772] NET: Registered protocol family 1
[    0.801223] pci 0000:00:00.0: Limiting direct PCI/PCI transfers
[    0.802947] pci 0000:00:01.0: Activating ISA DMA hang workarounds
[    0.810707] Unpacking initramfs...
[    1.206951] Freeing initrd memory: 14884K
[    1.208231] clocksource: tsc: mask: 0xffffffffffffffff max_cycles: 0x271782d3887, max_idle_ns: 440795314643 ns
[    1.211269] platform rtc_cmos: registered platform RTC device (no PNP device found)
[    1.213501] Scanning for low memory corruption every 60 seconds
[    1.215769] audit: initializing netlink subsys (disabled)
[    1.217084] audit: type=2000 audit(1592936224.000:1): initialized
[    1.218806] Initialise system trusted keyring
[    1.220494] HugeTLB registered 2 MB page size, pre-allocated 0 pages
[    1.234127] zbud: loaded
[    1.235413] VFS: Disk quotas dquot_6.6.0
[    1.236500] VFS: Dquot-cache hash table entries: 512 (order 0, 4096 bytes)
[    1.238324] squashfs: version 4.0 (2009/01/31) Phillip Lougher
[    1.240191] fuse init (API version 7.23)
[    1.241448] Key type big_key registered
[    1.242703] Allocating IMA MOK and blacklist keyrings.
[    1.247698] Key type asymmetric registered
[    1.249411] Asymmetric key parser 'x509' registered
[    1.251011] Block layer SCSI generic (bsg) driver version 0.4 loaded (major 249)
[    1.253402] io scheduler noop registered
[    1.254695] io scheduler deadline registered (default)
[    1.256020] io scheduler cfq registered
[    1.257226] pci_hotplug: PCI Hot Plug PCI Core version: 0.5
[    1.258795] pciehp: PCI Express Hot Plug Controller Driver version: 0.4
[    1.260569] ACPI: AC Adapter [AC] (on-line)
[    1.261863] input: Power Button as /devices/LNXSYSTM:00/LNXPWRBN:00/input/input0
[    1.264254] ACPI: Power Button [PWRF]
[    1.265536] input: Sleep Button as /devices/LNXSYSTM:00/LNXSLPBN:00/input/input1
[    1.268378] ACPI: Sleep Button [SLPF]
[    1.270450] ACPI: Battery Slot [BAT0] (battery present)
[    1.281303] GHES: HEST is not enabled!
[    1.283035] Serial: 8250/16550 driver, 32 ports, IRQ sharing enabled
[    1.305525] 00:02: ttyS0 at I/O 0x3f8 (irq = 4, base_baud = 115200) is a 16550A
[    1.308712] Linux agpgart interface v0.103
[    1.311843] loop: module loaded
[    1.313543] scsi host0: ata_piix
[    1.315192] scsi host1: ata_piix
[    1.316215] ata1: PATA max UDMA/33 cmd 0x1f0 ctl 0x3f6 bmdma 0xd000 irq 14
[    1.317755] ata2: PATA max UDMA/33 cmd 0x170 ctl 0x376 bmdma 0xd008 irq 15
[    1.319617] libphy: Fixed MDIO Bus: probed
[    1.320876] tun: Universal TUN/TAP device driver, 1.6
[    1.322242] tun: (C) 1999-2004 Max Krasnyansky <maxk@qualcomm.com>
[    1.323913] PPP generic driver version 2.4.2
[    1.325324] ehci_hcd: USB 2.0 'Enhanced' Host Controller (EHCI) Driver
[    1.326809] ehci-pci: EHCI PCI platform driver
[    1.327951] ehci-platform: EHCI generic platform driver
[    1.329182] ohci_hcd: USB 1.1 'Open' Host Controller (OHCI) Driver
[    1.330941] ohci-pci: OHCI PCI platform driver
[    1.332274] ohci-platform: OHCI generic platform driver
[    1.333757] uhci_hcd: USB Universal Host Controller Interface driver
[    1.335374] i8042: PNP: PS/2 Controller [PNP0303:PS2K,PNP0f03:PS2M] at 0x60,0x64 irq 1,12
[    1.338124] serio: i8042 KBD port at 0x60,0x64 irq 1
[    1.339499] serio: i8042 AUX port at 0x60,0x64 irq 12
[    1.340961] mousedev: PS/2 mouse device common for all mice
[    1.342976] rtc_cmos rtc_cmos: rtc core: registered rtc_cmos as rtc0
[    1.344787] rtc_cmos rtc_cmos: alarms up to one day, 114 bytes nvram
[    1.346547] i2c /dev entries driver
[    1.347915] input: AT Translated Set 2 keyboard as /devices/platform/i8042/serio0/input/input2
[    1.350136] device-mapper: uevent: version 1.0.3
[    1.351563] device-mapper: ioctl: 4.34.0-ioctl (2015-10-28) initialised: dm-devel@redhat.com
[    1.353777] ledtrig-cpu: registered to indicate activity on CPUs
[    1.355652] NET: Registered protocol family 10
[    1.356995] NET: Registered protocol family 17
[    1.358272] Key type dns_resolver registered
[    1.359973] registered taskstats version 1
[    1.361302] Loading compiled-in X.509 certificates
[    1.363177] Loaded X.509 cert 'Build time autogenerated kernel key: b6ae09eed57f82583ccd3c65c463e852cdd7a0b5'
[    1.366040] zswap: loaded using pool lzo/zbud
[    1.369075] Key type trusted registered
[    1.373483] Key type encrypted registered
[    1.374565] AppArmor: AppArmor sha1 policy hashing enabled
[    1.375959] ima: No TPM chip found, activating TPM-bypass!
[    1.377944] ima: Allocated hash algorithm: sha1
[    1.379198] evm: HMAC attrs: 0x1
[    1.380646]   Magic number: 8:358:292
[    1.381885] tty tty25: hash matches
[    1.383178] rtc_cmos rtc_cmos: setting system clock to 2020-06-23 18:16:59 UTC (1592936219)
[    1.385823] BIOS EDD facility v0.16 2004-Jun-25, 0 devices found
[    1.387491] EDD information not available.
[    1.552924] Freeing unused kernel memory: 1492K
[    1.554316] Write protecting the kernel read-only data: 14336k
[    1.556160] Freeing unused kernel memory: 1596K
[    1.557650] Freeing unused kernel memory: 60K
Loading, please wait...
starting version 229
[    1.573686] random: systemd-udevd: uninitialized urandom read (16 bytes read, 3 bits of entropy available)
[    1.574197] random: udevadm: uninitialized urandom read (16 bytes read, 3 bits of entropy available)
[    1.574219] random: udevadm: uninitialized urandom read (16 bytes read, 3 bits of entropy available)
[    1.581071] random: systemd-udevd: uninitialized urandom read (16 bytes read, 3 bits of entropy available)
[    1.583559] random: udevadm: uninitialized urandom read (16 bytes read, 3 bits of entropy available)
[    1.583598] random: udevadm: uninitialized urandom read (16 bytes read, 3 bits of entropy available)
[    1.583736] random: udevadm: uninitialized urandom read (16 bytes read, 3 bits of entropy available)
[    1.583804] random: udevadm: uninitialized urandom read (16 bytes read, 3 bits of entropy available)
[    1.583863] random: udevadm: uninitialized urandom read (16 bytes read, 3 bits of entropy available)
[    1.583913] random: udevadm: uninitialized urandom read (16 bytes read, 3 bits of entropy available)
[    1.633786] e1000: Intel(R) PRO/1000 Network Driver - version 7.3.21-k8-NAPI
[    1.635573] e1000: Copyright (c) 1999-2006 Intel Corporation.
[    1.637071] Fusion MPT base driver 3.04.20
[    1.638326] Copyright (c) 1999-2008 LSI Corporation
[    1.643848] Fusion MPT SPI Host driver 3.04.20
[    1.661264] AVX2 version of gcm_enc/dec engaged.
[    1.662846] AES CTR mode by8 optimization enabled
[    1.851475] input: ImExPS/2 Generic Explorer Mouse as /devices/platform/i8042/serio1/input/input4
[    2.041810] e1000 0000:00:03.0 eth0: (PCI:33MHz:32-bit) 02:89:fa:04:16:8f
[    2.043698] e1000 0000:00:03.0 eth0: Intel(R) PRO/1000 Network Connection
[    2.046535] mptbase: ioc0: Initiating bringup
[    2.439536] ioc0: LSI53C1030 A0: Capabilities={Initiator}
[    4.221805] scsi host2: ioc0: LSI53C1030 A0, FwRev=00000000h, Ports=1, MaxQ=256, IRQ=20
[    5.219544] scsi 2:0:0:0: Direct-Access     VBOX     HARDDISK         1.0  PQ: 0 ANSI: 5
[    5.222420] scsi target2:0:0: Beginning Domain Validation
[    5.228420] scsi target2:0:0: Domain Validation skipping write tests
[    5.229882] scsi target2:0:0: Ending Domain Validation
[    5.231649] scsi target2:0:0: asynchronous
[    5.234099] scsi 2:0:1:0: Direct-Access     VBOX     HARDDISK         1.0  PQ: 0 ANSI: 5
[    5.236741] scsi target2:0:1: Beginning Domain Validation
[    5.241496] scsi target2:0:1: Domain Validation skipping write tests
[    5.242975] scsi target2:0:1: Ending Domain Validation
[    5.258491] scsi target2:0:1: asynchronous
[    5.282890] sd 2:0:0:0: Attached scsi generic sg0 type 0
[    5.285212] sd 2:0:1:0: Attached scsi generic sg1 type 0
[    5.290561] sd 2:0:1:0: [sdb] 20480 512-byte logical blocks: (10.5 MB/10.0 MiB)
[    5.292895] sd 2:0:0:0: [sda] 20971520 512-byte logical blocks: (10.7 GB/10.0 GiB)
[    5.295491] sd 2:0:1:0: [sdb] Write Protect is off
[    5.296813] sd 2:0:0:0: [sda] Write Protect is off
[    5.298304] sd 2:0:1:0: [sdb] Incomplete mode parameter data
[    5.299795] sd 2:0:1:0: [sdb] Assuming drive cache: write through
[    5.301829] sd 2:0:0:0: [sda] Incomplete mode parameter data
[    5.303862] sd 2:0:0:0: [sda] Assuming drive cache: write through
[    5.308337]  sda: sda1
[    5.311493] sd 2:0:1:0: [sdb] Attached SCSI disk
[    5.312824] sd 2:0:0:0: [sda] Attached SCSI disk
[    5.816485] e1000 0000:00:08.0 eth1: (PCI:33MHz:32-bit) 08:00:27:33:f6:d8
[    5.818235] e1000 0000:00:08.0 eth1: Intel(R) PRO/1000 Network Connection
[    5.821376] e1000 0000:00:08.0 enp0s8: renamed from eth1
[    5.839006] e1000 0000:00:03.0 enp0s3: renamed from eth0
Begin: Loading essential drivers ... [    7.360669] md: linear personality registered for level -1
[    7.364580] md: multipath personality registered for level -4
[    7.368526] md: raid0 personality registered for level 0
[    7.373760] md: raid1 personality registered for level 1
[    7.446971] raid6: sse2x1   gen()  8980 MB/s
[    7.514819] raid6: sse2x1   xor()  7832 MB/s
[    7.582838] raid6: sse2x2   gen() 11296 MB/s
[    7.650605] raid6: sse2x2   xor()  7947 MB/s
[    7.718956] raid6: sse2x4   gen() 14592 MB/s
[    7.786752] raid6: sse2x4   xor()  9604 MB/s
[    7.854599] raid6: avx2x1   gen() 19703 MB/s
[    7.922975] raid6: avx2x2   gen() 20515 MB/s
[    7.990534] raid6: avx2x4   gen() 23131 MB/s
[    7.991902] raid6: using algorithm avx2x4 gen() 23131 MB/s
[    7.993263] raid6: using avx2x2 recovery algorithm
[    8.000072] xor: automatically using best checksumming function:
[    8.038894]    avx       : 27061.000 MB/sec
[    8.041515] async_tx: api initialized (async)
[    8.053906] md: raid6 personality registered for level 6
[    8.055515] md: raid5 personality registered for level 5
[    8.056873] md: raid4 personality registered for level 4
[    8.065108] md: raid10 personality registered for level 10
done.
Begin: Running /scripts/init-premount ... done.
Begin: Mounting root file system ... Begin: Running /scripts/local-top ... done.
Begin: Running /scripts/local-premount ... [    8.102914] Btrfs loaded
Scanning for Btrfs filesystems
done.
Warning: fsck not present, so skipping root file system
[    8.134640] EXT4-fs (sda1): mounted filesystem with ordered data mode. Opts: (null)
done.
Begin: Running /scripts/local-bottom ... done.
Begin: Running /scripts/init-bottom ... done.
[    8.234969] systemd[1]: systemd 229 running in system mode. (+PAM +AUDIT +SELINUX +IMA +APPARMOR +SMACK +SYSVINIT +UTMP +LIBCRYPTSETUP +GCRYPT +GNUTLS +ACL +XZ -LZ4 +SECCOMP +BLKID +ELFUTILS +KMOD -IDN)
[    8.239537] systemd[1]: Detected virtualization oracle.
[    8.241104] systemd[1]: Detected architecture x86-64.

Welcome to [1mUbuntu 16.04.6 LTS[0m!

[    8.245460] systemd[1]: Set hostname to <ubuntu>.
[    8.250079] systemd[1]: Initializing machine ID from random generator.
[    8.252012] systemd[1]: Installed transient /etc/machine-id file.
[    8.394135] systemd[1]: Listening on Journal Socket.
[[0;32m  OK  [0m] Listening on Journal Socket.
[    8.396454] systemd[1]: Listening on Device-mapper event daemon FIFOs.
[[0;32m  OK  [0m] Listening on Device-mapper event daemon FIFOs.
[    8.398989] systemd[1]: Reached target Encrypted Volumes.
[[0;32m  OK  [0m] Reached target Encrypted Volumes.
[    8.407267] systemd[1]: Reached target User and Group Name Lookups.
[[0;32m  OK  [0m] Reached target User and Group Name Lookups.
[    8.409848] systemd[1]: Listening on Journal Audit Socket.
[[0;32m  OK  [0m] Listening on Journal Audit Socket.
[    8.419280] systemd[1]: Set up automount Arbitrary Executable File Formats File System Automount Point.
[[0;32m  OK  [0m] Set up automount Arbitrary Executab...ats File System Automount Point.
[    8.430680] systemd[1]: Listening on udev Kernel Socket.
[[0;32m  OK  [0m] Listening on udev Kernel Socket.
[    8.438917] systemd[1]: Listening on udev Control Socket.
[[0;32m  OK  [0m] Listening on udev Control Socket.
[    8.442895] systemd[1]: Started Trigger resolvconf update for networkd DNS.
[[0;32m  OK  [0m] Started Trigger resolvconf update for networkd DNS.
[    8.445890] systemd[1]: Reached target System Time Synchronized.
[[0;32m  OK  [0m] Reached target System Time Synchronized.
[    8.455673] systemd[1]: Listening on /dev/initctl Compatibility Named Pipe.
[[0;32m  OK  [0m] Listening on /dev/initctl Compatibility Named Pipe.
[    8.459745] systemd[1]: Listening on Journal Socket (/dev/log).
[[0;32m  OK  [0m] Listening on Journal Socket (/dev/log).
[    8.471021] systemd[1]: Started Forward Password Requests to Wall Directory Watch.
[[0;32m  OK  [0m] Started Forward Password Requests to Wall Directory Watch.
[    8.475867] systemd[1]: Created slice User and Session Slice.
[[0;32m  OK  [0m] Created slice User and Session Slice.
[    8.482970] systemd[1]: Listening on LVM2 poll daemon socket.
[[0;32m  OK  [0m] Listening on LVM2 poll daemon socket.
[    8.490798] systemd[1]: Reached target Swap.
[[0;32m  OK  [0m] Reached target Swap.
[    8.494190] systemd[1]: Listening on LVM2 metadata daemon socket.
[[0;32m  OK  [0m] Listening on LVM2 metadata daemon socket.
[    8.496867] systemd[1]: Created slice System Slice.
[[0;32m  OK  [0m] Created slice System Slice.
[    8.511231] systemd[1]: Starting Load Kernel Modules...
         Starting Load Kernel Modules...
[    8.514748] systemd[1]: Starting Nameserver information manager...
         Starting Nameserver information manager...
[    8.520052] Loading iSCSI transport class v2.0-870.
[    8.523347] systemd[1]: Starting Monitoring of LVM2 mirrors, snapshots etc. using dmeventd or progress polling...
         Starting Monitoring of LVM2 mirrors... dmeventd or progress polling...
[    8.528184] systemd[1]: Mounting Debug File System...
         Mounting Debug File System...
[    8.531382] systemd[1]: Starting Set console keymap...
         Starting Set console keymap...
[    8.534085] iscsi: registered transport (tcp)
[    8.536218] systemd[1]: Starting Remount Root and Kernel File Systems...
         Starting Remount Root and Kernel File Systems...
[    8.543541] EXT4-fs (sda1): re-mounted. Opts: (null)
[    8.554740] systemd[1]: Mounting Huge Pages File System...
         Mounting Huge Pages File System...
[    8.558733] systemd[1]: Mounting POSIX Message Queue File System...
         Mounting POSIX Message Queue File System...
[    8.561138] systemd[1]: Reached target Slices.
[[0;32m  OK  [0m] Reached target Slices.
[    8.563903] systemd[1]: Starting Create list of required static device nodes for the current kernel...
         Starting Create list of required st... nodes for the current kernel...
[    8.578355] iscsi: registered transport (iser)
[    8.580556] systemd[1]: Starting Uncomplicated firewall...
         Starting Uncomplicated firewall...
[    8.584719] systemd[1]: Created slice system-serial\x2dgetty.slice.
[[0;32m  OK  [0m] Created slice system-serial\x2dgetty.slice.
[    8.587265] systemd[1]: Listening on Syslog Socket.
[[0;32m  OK  [0m] Listening on Syslog Socket.
[    8.590163] systemd[1]: Starting Journal Service...
         Starting Journal Service...
[    8.594162] systemd[1]: Mounted Huge Pages File System.
[[0;32m  OK  [0m] Mounted Huge Pages File System.
[    8.596673] systemd[1]: Mounted POSIX Message Queue File System.
[[0;32m  OK  [0m] Mounted POSIX Message Queue File System.
[    8.599427] systemd[1]: Mounted Debug File System.
[[0;32m  OK  [0m] Mounted Debug File System.
[    8.602499] systemd[1]: Started Load Kernel Modules.
[[0;32m  OK  [0m] Started Load Kernel Modules.
[    8.612018] systemd[1]: Started Remount Root and Kernel File Systems.
[[0;32m  OK  [0m] Started Remount Root and Kernel File Systems.
[    8.616072] systemd[1]: Started Create list of required static device nodes for the current kernel.
[[0;32m  OK  [0m] Started Create list of required sta...ce nodes for the current kernel.
[    8.627540] systemd[1]: Started Uncomplicated firewall.
[[0;32m  OK  [0m] Started Uncomplicated firewall.
[    8.651794] systemd[1]: Started Nameserver information manager.
[[0;32m  OK  [0m] Started Nameserver information manager.
[    8.662661] systemd[1]: Started Set console keymap.
[[0;32m  OK  [0m] Started Set console keymap.
[    8.679558] systemd[1]: Started Journal Service.
[[0;32m  OK  [0m] Started Journal Service.
[[0;32m  OK  [0m] Started LVM2 metadata daemon.
         Starting Create Static Device Nodes in /dev...
         Starting Load/Save Random Seed...
         Starting Flush Journal to Persistent Storage...
         Starting udev Coldplug all Devices...
         Starting Apply Kernel Variables...
         Mounting FUSE Control File System...
[[0;32m  OK  [0m] Started Load/Save Random Seed.
[[0;32m  OK  [0m] Started Apply Kernel Variables.
[[0;32m  OK  [0m] Started Flush Journal to Persistent Storage.
[[0;32m  OK  [0m] Started Create Static Device Nodes in /dev.
[[0;32m  OK  [0m] Mounted FUSE Control File System.
         Starting udev Kernel Device Manager...
[[0;32m  OK  [0m] Started udev Kernel Device Manager.
[[0;32m  OK  [0m] Started udev Coldplug all Devices.
[[0;32m  OK  [0m] Started Dispatch Password Requests to Console Directory Watch.
[[0;32m  OK  [0m] Found device /dev/ttyS0.
[[0;32m  OK  [0m] Listening on Load/Save RF Kill Switch Status /dev/rfkill Watch.
[[0;32m  OK  [0m] Started Monitoring of LVM2 mirrors,...ng dmeventd or progress polling.
[[0;32m  OK  [0m] Reached target Local File Systems (Pre).
[[0;32m  OK  [0m] Reached target Local File Systems.
         Starting Create Volatile Files and Directories...
         Starting Set console font and keymap...
         Starting Commit a transient machine-id on disk...
         Starting Initial cloud-init job (pre-networking)...
         Starting LSB: AppArmor initialization...
         Starting Tell Plymouth To Write Out Runtime Data...
[[0;32m  OK  [0m] Started Create Volatile Files and Directories.
[[0;32m  OK  [0m] Started Commit a transient machine-id on disk.
[[0;32m  OK  [0m] Started Tell Plymouth To Write Out Runtime Data.
         Starting Update UTMP about System Boot/Shutdown...
[[0;32m  OK  [0m] Started Update UTMP about System Boot/Shutdown.
[[0;32m  OK  [0m] Started Set console font and keymap.
[[0;32m  OK  [0m] Created slice system-getty.slice.
[   11.031034] cloud-init[643]: Cloud-init v. 19.4-33-gbb4131a2-0ubuntu1~16.04.1 running 'init-local' at Tue, 23 Jun 2020 18:17:08 +0000. Up 10.49 seconds.
[[0;32m  OK  [0m] Started Initial cloud-init job (pre-networking).
[[0;32m  OK  [0m] Reached target Network (Pre).
[[0;32m  OK  [0m] Started LSB: AppArmor initialization.
         Starting Raise network interfaces...
[[0;32m  OK  [0m] Started Raise network interfaces.
         Starting Initial cloud-init job (metadata service crawler)...
[[0;32m  OK  [0m] Reached target Network.
[   13.085213] cloud-init[954]: Cloud-init v. 19.4-33-gbb4131a2-0ubuntu1~16.04.1 running 'init' at Tue, 23 Jun 2020 18:17:10 +0000. Up 12.43 seconds.
[   13.087553] cloud-init[954]: ci-info: ++++++++++++++++++++++++++++++++++++++Net device info+++++++++++++++++++++++++++++++++++++++
[   13.089833] cloud-init[954]: ci-info: +--------+-------+----------------------------+---------------+--------+-------------------+
[   13.092090] cloud-init[954]: ci-info: | Device |   Up  |          Address           |      Mask     | Scope  |     Hw-Address    |
[   13.101061] cloud-init[954]: ci-info: +--------+-------+----------------------------+---------------+--------+-------------------+
[   13.103422] cloud-init[954]: ci-info: | enp0s3 |  True |         10.0.2.15          | 255.255.255.0 | global | 02:89:fa:04:16:8f |
[   13.105675] cloud-init[954]: ci-info: | enp0s3 |  True | fe80::89:faff:fe04:168f/64 |       .       |  link  | 02:89:fa:04:16:8f |
[   13.107664] cloud-init[954]: ci-info: | enp0s8 | False |             .              |       .       |   .    | 08:00:27:33:f6:d8 |
[   13.116746] cloud-init[954]: ci-info: |   lo   |  True |         127.0.0.1          |   255.0.0.0   |  host  |         .         |
[   13.118730] cloud-init[954]: ci-info: |   lo   |  True |          ::1/128           |       .       |  host  |         .         |
[   13.132612] cloud-init[954]: ci-info: +--------+-------+----------------------------+---------------+--------+-------------------+
[   13.134719] cloud-init[954]: ci-info: +++++++++++++++++++++++++++Route IPv4 info++++++++++++++++++++++++++++
[   13.145098] cloud-init[954]: ci-info: +-------+-------------+----------+---------------+-----------+-------+
[   13.146826] cloud-init[954]: ci-info: | Route | Destination | Gateway  |    Genmask    | Interface | Flags |
[   13.152936] cloud-init[954]: ci-info: +-------+-------------+----------+---------------+-----------+-------+
[   13.160724] cloud-init[954]: ci-info: |   0   |   0.0.0.0   | 10.0.2.2 |    0.0.0.0    |   enp0s3  |   UG  |
[   13.162799] cloud-init[954]: ci-info: |   1   |   10.0.2.0  | 0.0.0.0  | 255.255.255.0 |   enp0s3  |   U   |
[   13.164592] cloud-init[954]: ci-info: +-------+-------------+----------+---------------+-----------+-------+
[   13.172412] cloud-init[954]: ci-info: +++++++++++++++++++Route IPv6 info+++++++++++++++++++
[   13.185146] cloud-init[954]: ci-info: +-------+-------------+---------+-----------+-------+
[   13.185427] cloud-init[954]: ci-info: | Route | Destination | Gateway | Interface | Flags |
[   13.185997] cloud-init[954]: ci-info: +-------+-------------+---------+-----------+-------+
[   13.186270] cloud-init[954]: ci-info: |   0   |  fe80::/64  |    ::   |   enp0s3  |   U   |
[   13.186605] cloud-init[954]: ci-info: |   3   |   ff00::/8  |    ::   |   enp0s3  |   U   |
[[0;32m  OK  [0m] Started Initial cloud-init job (metadata service crawler).
[   13.186754] cloud-init[954]: ci-info: +-------+-------------+---------+-----------+-------+
[   13.204595] cloud-init[954]: Generating public/private rsa key pair.
[   13.204911] cloud-init[954]: Your identification has been saved in /etc/ssh/ssh_host_rsa_key.
[   13.205234] cloud-init[954]: Your public key has been saved in /etc/ssh/ssh_host_rsa_key.pub.
[   13.205554] cloud-init[954]: The key fingerprint is:
[   13.205987] cloud-init[954]: SHA256:+IZ+WO/qTDLTzOHXLBfxoLqoEqB85HJBc+OMaKeZ6Vc root@ubuntu-xenial
[   13.206410] cloud-init[954]: The key's randomart image is:
[   13.206649] cloud-init[954]: +---[RSA 2048]----+
[   13.206979] cloud-init[954]: |                 |
[   13.207154] cloud-init[954]: |   o o           |
[   13.207473] cloud-init[954]: |  o * .     o    |
[   13.207655] cloud-init[954]: |.o = o .   . +   |
[   13.207958] cloud-init[954]: |+.O . . S . . .  |
[   13.208673] cloud-init[954]: |.B.+ E B.o o .   |
[   13.208835] cloud-init[954]: |. +.. =oX.o +    |
[   13.209099] cloud-init[954]: | ... ..O.o.o     |
[   13.209522] cloud-init[954]: |  ....oo=o.      |
[   13.210063] cloud-init[954]: +----[SHA256]-----+
[   13.210485] cloud-init[954]: Generating public/private dsa key pair.
[[0;32m  OK  [0m] Reached target System Initialization.
[   13.210947] cloud-init[954]: Your identification has been saved in /etc/ssh/ssh_host_dsa_key.
[   13.219606] cloud-init[954]: Your public key has been saved in /etc/ssh/ssh_host_dsa_key.pub.
[   13.225010] cloud-init[954]: The key fingerprint is:
[   13.225285] cloud-init[954]: SHA256:Ob/CVcW9xPzQ9C7iP78sA6GxEuLFTUCqqdP83//zT6w root@ubuntu-xenial
[   13.225701] cloud-init[954]: The key's randomart image is:
[[0;32m  OK  [0m] Started ACPI Events Check.
[   13.226086] cloud-init[954]: +---[DSA 1024]----+
[   13.229183] cloud-init[954]: |      .o.    .o+.|
[   13.229611] cloud-init[954]: |      .  .    +++|
[   13.229835] cloud-init[954]: |     .. o    ...+|
[   13.230205] cloud-init[954]: |    o. + + ..  o.|
[   13.230657] cloud-init[954]: |   o. o S +.o . .|
[   13.231061] cloud-init[954]: |  +  . . =.o . o |
[   13.231534] cloud-init[954]: | o o   .... o   o|
[   13.231785] cloud-init[954]: |  . .   +  . =oo |
[   13.231966] cloud-init[954]: |     ... oo...E*=|
[   13.232286] cloud-init[954]: +----[SHA256]-----+
[   13.232600] cloud-init[954]: Generating public/private ecdsa key pair.
[   13.232979] cloud-init[954]: Your identification has been saved in /etc/ssh/ssh_host_ecdsa_key.
[   13.233280] cloud-init[954]: Your public key has been saved in /etc/ssh/ssh_host_ecdsa_key.pub.
[   13.233564] cloud-init[954]: The key fingerprint is:
[   13.234037] cloud-init[954]: SHA256:C24EbgHX4V5lN4bTvSN6Bk5axKh4TfPIXsBId5fLD0g root@ubuntu-xenial
[   13.234354] cloud-init[954]: The key's randomart image is:
[   13.234920] cloud-init[954]: +---[ECDSA 256]---+
[   13.235282] cloud-init[954]: |  . .oo+.o+o=o   |
[   13.235606] cloud-init[954]: |   o .o.*+E+o..  |
[   13.235761] cloud-init[954]: |    o..=.B + . . |
[   13.236531] cloud-init[954]: |   ..+o.+ B = o  |
[[0;32m  OK  [0m] [   13.236779] cloud-init[954]: |    o.+.S* o + . |
[   13.243759] cloud-init[954]: |   . o .o.o o .  |
[   13.244526] cloud-init[954]: |      o .  o     |
[   13.244954] cloud-init[954]: |     .           |
[   13.245369] cloud-init[954]: |                 |
[   13.245985] cloud-init[954]: +----[SHA256]-----+
[   13.246463] cloud-init[954]: Generating public/private ed25519 key pair.
[   13.246752] cloud-init[954]: Your identification has been saved in /etc/ssh/ssh_host_ed25519_key.
[   13.246926] cloud-init[954]: Your public key has been saved in /etc/ssh/ssh_host_ed25519_key.pub.
[   13.247133] cloud-init[954]: The key fingerprint is:
[   13.247562] cloud-init[954]: SHA256:UVhPmr53WR4jSeL8IM5DAr4Y0KgaIl3602m/AOIRjw0 root@ubuntu-xenial
[   13.247895] cloud-init[954]: The key's randomart image is:
[   13.248105] cloud-init[954]: +--[ED25519 256]--+
[   13.248419] cloud-init[954]: |         oo .    |
[   13.248719] cloud-init[954]: |  o     .. =     |
[   13.249217] cloud-init[954]: | oE...  . o...   |
[   13.249441] cloud-init[954]: |...O. .  oo o .  |
[   13.249746] cloud-init[954]: |= *.+. .So.+ o o.|
[   13.250261] cloud-init[954]: |+o +oo..= ..o .+o|
[   13.250571] cloud-init[954]: |. ..o.=  +. ..o .|
[   13.250886] cloud-init[954]: |     o o  .. .   |
[   13.251384] cloud-init[954]: |        o.       |
[   13.251699] cloud-init[954]: +----[SHA256]-----+
Reached target Paths.
         Starting Socket activation for snappy daemon.
[[0;32m  OK  [0m] Started Daily Cleanup of Temporary Directories.
[[0;32m  OK  [0m] Started Daily apt download activities.
[[0;32m  OK  [0m] Listening on D-Bus System Message Bus Socket.
[[0;32m  OK  [0m] Started Message of the Day.
[[0;32m  OK  [0m] Listening on UUID daemon activation socket.
[[0;32m  OK  [0m] Started Daily apt upgrade and clean activities.
[[0;32m  OK  [0m] Reached target Timers.
[[0;32m  OK  [0m] Listening on ACPID Listen Socket.
         Starting LXD - unix socket.
[[0;32m  OK  [0m] Reached target Cloud-config availability.
[[0;32m  OK  [0m] Reached target Network is Online.
         Starting iSCSI initiator daemon (iscsid)...
[[0;32m  OK  [0m] Listening on Socket activation for snappy daemon.
[[0;32m  OK  [0m] Listening on LXD - unix socket.
[[0;32m  OK  [0m] Reached target Sockets.
[[0;32m  OK  [0m] Reached target Basic System.
[[0;32m  OK  [0m] Started Deferred execution scheduler.
         Starting Accounts Service...
         Starting Virtualbox guest utils...
         Starting LSB: MD monitoring daemon...
[[0;32m  OK  [0m] Started Regular background program processing daemon.
         Starting Login Service...
         Starting LXD - container startup/shutdown...
         Starting System Logging Service...
[[0;32m  OK  [0m] Started D-Bus System Message Bus.
[[0;32m  OK  [0m] Started ACPI event daemon.
         Starting LSB: Record successful boot for GRUB...
         Starting /etc/rc.local Compatibility...
[[0;32m  OK  [0m] Started FUSE filesystem for LXC.
         Starting Pollinate to seed the pseudo random number generator...
         Starting Snappy daemon...
[[0;32m  OK  [0m] Started System Logging Service.
[[0;32m  OK  [0m] Started iSCSI initiator daemon (iscsid).
[[0;32m  OK  [0m] Started LXD - container startup/shutdown.
[[0;32m  OK  [0m] Started /etc/rc.local Compatibility.
[[0;32m  OK  [0m] Started Login Service.
[[0;32m  OK  [0m] Started Unattended Upgrades Shutdown.
         Starting Authenticate and Authorize Users to Run Privileged Tasks...
         Starting Login to default iSCSI targets...
[[0;32m  OK  [0m] Started LSB: Record successful boot for GRUB.
[[0;32m  OK  [0m] Started LSB: MD monitoring daemon.
[[0;32m  OK  [0m] Started Login to default iSCSI targets.
[[0;32m  OK  [0m] Reached target Remote File Systems (Pre).
[[0;32m  OK  [0m] Reached target Remote File Systems.
         Starting Permit User Sessions...
         Starting LSB: automatic crash report generation...
         Starting LSB: daemon to balance interrupts for SMP systems...
         Starting LSB: Set the CPU Frequency Scaling governor to "ondemand"...
[[0;32m  OK  [0m] Started Permit User Sessions.
         Starting Terminate Plymouth Boot Screen...
         Starting Hold until boot process finishes up...
[[0;32m  OK  [0m] Started Terminate Plymouth Boot Screen.
[[0;32m  OK  [0m] Started Hold until boot process finishes up.
[[0;32m  OK  [0m] Started Authenticate and Authorize Users to Run Privileged Tasks.
[[0;32m  OK  [0m] Started Accounts Service.
[[0;32m  OK  [0m] Started Getty on tty1.
[[0;32m  OK  [0m] Started Serial Getty on ttyS0.
[[0;32m  OK  [0m] Reached target Login Prompts.
         Starting Set console scheme...
[[0;32m  OK  [0m] Started LSB: automatic crash report generation.
[[0;32m  OK  [0m] Started Virtualbox guest utils.
[[0;32m  OK  [0m] Started LSB: daemon to balance interrupts for SMP systems.
[[0;32m  OK  [0m] Started LSB: Set the CPU Frequency Scaling governor to "ondemand".
[[0;32m  OK  [0m] Started Set console scheme.
[[0;32m  OK  [0m] Started Pollinate to seed the pseudo random number generator.
         Starting OpenBSD Secure Shell server...
[[0;32m  OK  [0m] Started Snappy daemon.
         Starting Wait until snapd is fully seeded...
[[0;32m  OK  [0m] Started OpenBSD Secure Shell server.
[[0;32m  OK  [0m] Created slice User Slice of vagrant.
         Starting User Manager for UID 1000...
[[0;32m  OK  [0m] Started Session 1 of user vagrant.
[[0;32m  OK  [0m] Started User Manager for UID 1000.
[[0;32m  OK  [0m] Started Wait until snapd is fully seeded.
         Starting Apply the settings specified in cloud-config...
[[0;32m  OK  [0m] Reached target Multi-User System.
[[0;32m  OK  [0m] Reached target Graphical Interface.
         Starting Update UTMP about System Runlevel Changes...
[[0;32m  OK  [0m] Started Update UTMP about System Runlevel Changes.
[   16.348912] cloud-init[1375]: Generating locales (this might take a while)...
[   18.101304] cloud-init[1375]:   en_US.UTF-8... done
[   18.103168] cloud-init[1375]: Generation complete.
[   18.515282] cloud-init[1375]: Cloud-init v. 19.4-33-gbb4131a2-0ubuntu1~16.04.1 running 'modules:config' at Tue, 23 Jun 2020 18:17:14 +0000. Up 16.14 seconds.
[[0;32m  OK  [0m] Started Apply the settings specified in cloud-config.
         Starting Execute cloud user/final scripts...
ci-info: no authorized SSH keys fingerprints found for user ubuntu.
<14>Jun 23 18:17:17 ec2: 
<14>Jun 23 18:17:17 ec2: #############################################################
<14>Jun 23 18:17:17 ec2: -----BEGIN SSH HOST KEY FINGERPRINTS-----
<14>Jun 23 18:17:17 ec2: 1024 SHA256:Ob/CVcW9xPzQ9C7iP78sA6GxEuLFTUCqqdP83//zT6w root@ubuntu-xenial (DSA)
<14>Jun 23 18:17:17 ec2: 256 SHA256:C24EbgHX4V5lN4bTvSN6Bk5axKh4TfPIXsBId5fLD0g root@ubuntu-xenial (ECDSA)
<14>Jun 23 18:17:17 ec2: 256 SHA256:UVhPmr53WR4jSeL8IM5DAr4Y0KgaIl3602m/AOIRjw0 root@ubuntu-xenial (ED25519)
<14>Jun 23 18:17:17 ec2: 2048 SHA256:+IZ+WO/qTDLTzOHXLBfxoLqoEqB85HJBc+OMaKeZ6Vc root@ubuntu-xenial (RSA)
<14>Jun 23 18:17:17 ec2: -----END SSH HOST KEY FINGERPRINTS-----
<14>Jun 23 18:17:17 ec2: #############################################################
-----BEGIN SSH HOST KEY KEYS-----
ecdsa-sha2-nistp256 AAAAE2VjZHNhLXNoYTItbmlzdHAyNTYAAAAIbmlzdHAyNTYAAABBBJlpaUBiiYSqYhLfTbuiQWnhJiQKVy+eWhjm5/85xiOekpJh/8aTV1N0uDBymwP4gwy5zEqDjDH87IxRjwY2ox0= root@ubuntu-xenial
ssh-ed25519 AAAAC3NzaC1lZDI1NTE5AAAAIKJ+k+qiuD6zDH0A/TAXJUlnvRUZB7wrKRe8tFuLE08P root@ubuntu-xenial
ssh-rsa AAAAB3NzaC1yc2EAAAADAQABAAABAQDg66Xi6O3bjZ6f96fgcIWRBlJPi7yB9m/fczGM9h9vStIKtN4iATqENh34Iy+oYJtBIV4qyBJLHkBQ5yy23Mr94vBWCtVLRHSAC94sEYuhgpn2LLy57gJ2ewCd00XJs7Qn5Zbc684KjkQP2OBseE0TyAeAin5tTKm1g+Aq6jhutwgJKSW2MTIkS/+j1AD/WoDdK0E0Ryv2xQTKP70YBUdcbGX/1zhcs0ak6WXxFAcp0lantn/HqJlz8YmM+KLmRHXOGgvBqpOu90TJJCwQV8JxBEavAtGBoTvz9OSwkOx6BEiEiH59tN4BnldfmXz872/96dZuGYc1WWPUcdxylJtP root@ubuntu-xenial
-----END SSH HOST KEY KEYS-----
[   19.300730] cloud-init[1549]: Cloud-init v. 19.4-33-gbb4131a2-0ubuntu1~16.04.1 running 'modules:final' at Tue, 23 Jun 2020 18:17:17 +0000. Up 19.07 seconds.
[   19.300995] cloud-init[1549]: ci-info: no authorized SSH keys fingerprints found for user ubuntu.
[   19.301443] cloud-init[1549]: Cloud-init v. 19.4-33-gbb4131a2-0ubuntu1~16.04.1 finished at Tue, 23 Jun 2020 18:17:17 +0000. Datasource DataSourceNoCloud [seed=/dev/sdb][dsmode=net].  Up 19.28 seconds

Ubuntu 16.04.6 LTS ubuntu-xenial ttyS0

ubuntu-xenial login: 